{
  "resourceType": "Condition",
  "id": "mii-exa-diagnose-mehrfachkodierung-primaercode",
  "meta": {
    "profile": [
      "https://www.medizininformatik-initiative.de/fhir/core/modul-diagnose/StructureDefinition/Diagnose"
    ]
  },
  "code": {
    "coding": [
      {
        "extension": [
          {
            "url": "http://hl7.org/fhir/StructureDefinition/data-absent-reason",
            "valueCode": "masked"
          }
        ]
      },
      {
        "system": "http://fhir.de/CodeSystem/bfarm/alpha-id",
        "code": "I97525",
        "version": "2020",
        "display": "Bursitis gonorrhoica"
      }
    ]
  },
  "clinicalStatus": {
    "coding": [
      {
        "code": "active",
        "system": "http://terminology.hl7.org/CodeSystem/condition-clinical"
      }
    ]
  },
  "verificationStatus": {
    "coding": [
      {
        "code": "confirmed",
        "system": "http://terminology.hl7.org/CodeSystem/condition-ver-status"
      }
    ]
  },
  "subject": {
    "reference": "Patient/12345"
  },
  "encounter": {
    "reference": "Encounter/12345"
  },
  "onsetPeriod": {
    "start": "2019-09-26T12:45:00+01:00",
    "end": "2020-03-25T13:00:00+01:00"
  },
  "recordedDate": "2020-01-05T12:53:00+01:00"
}
