{
  "resourceType": "Observation",
  "id": "VHF-MIXED-TEST-CASE-0001-a-E-1-OL-15",
  "meta": {
    "versionId": "12002",
    "lastUpdated": "2024-04-11T11:02:01.630Z",
    "profile": [
      "https://www.medizininformatik-initiative.de/fhir/core/modul-labor/StructureDefinition/ObservationLab"
    ]
  },
  "identifier": [
    {
      "extension": [
        {
          "url": "http://hl7.org/fhir/StructureDefinition/data-absent-reason",
          "valueCode": "masked"
        }
      ]
    }
  ],
  "status": "final",
  "category": [
    {
      "extension": [
        {
          "url": "http://hl7.org/fhir/StructureDefinition/data-absent-reason",
          "valueCode": "masked"
        }
      ]
    }
  ],
  "code": {
    "coding": [
      {
        "system": "http://loinc.org",
        "code": "33762-6"
      }
    ],
    "text": "NT-proBNP SerPl-mCnc"
  },
  "subject": {
    "reference": "Patient/VHF-MIXED-TEST-CASE-0001-a"
  },
  "encounter": {
    "reference": "Encounter/VHF-MIXED-TEST-CASE-0001-a-E-1"
  },
  "effectiveDateTime": "2021-01-01T06:06:00+01:00",
  "valueQuantity": {
    "value": -666.66,
    "_unit": {
      "extension": [
        {
          "url": "http://hl7.org/fhir/StructureDefinition/data-absent-reason",
          "valueCode": "unknown"
        }
      ]
    },
    "system": "http://unitsofmeasure.org",
    "_code": {
      "extension": [
        {
          "url": "http://hl7.org/fhir/StructureDefinition/data-absent-reason",
          "valueCode": "unknown"
        }
      ]
    }
  }
}