{
  "resourceType": "Bundle",
  "id": "3",
  "type": "transaction",
  "entry": [ {
    "resource": {
      "resourceType": "Condition",
      "id": "4",
      "meta": {
        "profile": [ "https://www.medizininformatik-initiative.de/fhir/core/modul-diagnose/StructureDefinition/Diagnose" ]
      },
      "code": {
        "coding": [ {
          "system": "http://snomed.info/sct",
          "code": "789012",
          "display": "Example diagnosis 3"
        } ]
      },
      "subject": {
        "reference": "Patient/3"
      },
      "_recordedDate": {
        "extension": [ {
          "url": "http://hl7.org/fhir/StructureDefinition/data-absent-reason",
          "valueCode": "masked"
        } ]
      }
    },
    "request": {
      "method": "POST",
      "url": "Condition/4"
    }
  } ]
}