{
  "resourceType": "Bundle",
  "id": "3",
  "type": "transaction",
  "entry": [
    {
      "resource": {
        "resourceType": "Observation",
        "id": "c74d8f35-e376-4d77-bc7a-ff5a5b84276e",
        "meta": {
          "profile": [
            "https://www.medizininformatik-initiative.de/fhir/core/modul-labor/StructureDefinition/ObservationLab"
          ]
        },
        "identifier": [
          {
            "extension": [
              {
                "url": "http://hl7.org/fhir/StructureDefinition/data-absent-reason",
                "valueCode": "masked"
              }
            ]
          }
        ],
        "_status": {
          "extension": [
            {
              "url": "http://hl7.org/fhir/StructureDefinition/data-absent-reason",
              "valueCode": "masked"
            }
          ]
        },
        "category": [
          {
            "extension": [
              {
                "url": "http://hl7.org/fhir/StructureDefinition/data-absent-reason",
                "valueCode": "masked"
              }
            ]
          }
        ],
        "code": {
          "coding": [
            {
              "system": "http://loinc.org",
              "code": "9101-2",
              "display": "Example lab test 3"
            }
          ]
        },
        "subject": {
          "reference": "Patient/3"
        },
        "encounter": {
          "reference": "Encounter/5"
        },
        "_effectiveDateTime": {
          "extension": [
            {
              "url": "http://hl7.org/fhir/StructureDefinition/data-absent-reason",
              "valueCode": "masked"
            }
          ]
        },
        "valueQuantity": {
          "value": 8.4,
          "unit": "mmol/L",
          "system": "http://unitsofmeasure.org",
          "code": "mmol/L"
        }
      },
      "request": {
        "method": "PUT",
        "url": "Observation/c74d8f35-e376-4d77-bc7a-ff5a5b84276e"
      }
    }
  ]
}