{
  "resourceType": "Condition",
  "id": "Diagnose1",
  "meta": {
    "profile": [
      "http://www.dummyprofile.test",
      "https://www.medizininformatik-initiative.de/fhir/core/modul-diagnose/StructureDefinition/Diagnose"
    ]
  },
  "code": {
    "coding": [
      {
        "system": "http://fhir.de/CodeSystem/bfarm/icd-10-gm",
        "display": "Prellung des Ellenbogens"
      }
    ]
  },
  "onsetDateTime": "2024-10"
}