{
  "resourceType": "Observation",
  "valueQuantity": {
    "value": 72,
    "unit": "Âµmol/l",
    "system": "http://unitsofmeasure.org",
    "code": "umol/L"
  }
}