{
  "resourceType": "Observation",
  "identifier": [
    {
      "type": {
        "coding": [
          {
            "system": "http://terminology.hl7.org/CodeSystem/v2-0203",
            "code": "OBI"
          }
        ]
      },
      "system": "https://exmaple.org/fhir/sid/test-lab-results",
      "value": "59826-8_1234567890",
      "assigner": {
        "identifier": {
          "system": "https://www.medizininformatik-initiative.de/fhir/core/CodeSystem/core-location-identifier",
          "value": "DIZ-ID"
        }
      }
    },
    {
      "type": {
        "coding": [
          {
            "system": "http://terminology.hl7.org/CodeSystem/v2-0203",
            "code": "OBI"
          }
        ]
      },
      "system": "https://exmaple.org/fhir/sid/test-lab-results2",
      "value": "123-456",
      "assigner": {
        "identifier": {
          "system": "https://www.medizininformatik-initiative.de/fhir/core/CodeSystem/core-location-identifier",
          "value": "DIZ-ID"
        }
      }
    }
  ],
  "valueQuantity": {
    "value": 72,
    "unit": "Âµmol/l",
    "system": "http://unitsofmeasure.org",
    "code": "umol/L"
  },
  "interpretation": [
    {
      "coding": [
        {
          "system": "http://terminology.hl7.org/CodeSystem/v2-0078",
          "code": "N"
        }
      ]
    }
  ],
  "referenceRange": [
    {
      "low": {
        "value": 72.0
      },
      "high": {
        "value": 127.0
      }
    }
  ]
}