{
  "resourceType": "Observation",
  "valueCodeableConcept": {
    "coding": [
      {
        "display": "Normal"
      }
    ]
  }
}